// Jest Snapshot v1, https://goo.gl/fbAQLP

exports[`Quote Renders 1`] = `
<div
  className="quote"
>
  <p
    className="quote__text"
  >
    Mathematics is not about numbers, equations , computations, or algorithms: it is about understanding. -William Paul Thurston
  </p>
</div>
`;
